// Jest Snapshot v1, https://goo.gl/fbAQLP

exports[`IndexPage スナップショットが一致するか 1`] = `
<IndexPage>
  <Header>
    <header
      className="header"
    >
      <div
        className="inner"
      >
        各都道府県の人口を表示するアプリ
      </div>
    </header>
  </Header>
  <div
    className="page"
  >
    <div>
      <h1>
        都道府県
      </h1>
      <CheckboxList
        checkedItems={Map {}}
        prefectures={
          Array [
            Object {
              "prefCode": 1,
              "prefName": "北海道",
            },
            Object {
              "prefCode": 2,
              "prefName": "青森県",
            },
            Object {
              "prefCode": 3,
              "prefName": "岩手県",
            },
            Object {
              "prefCode": 4,
              "prefName": "宮城県",
            },
          ]
        }
        setCheckedItems={[Function]}
      >
        <div
          className="wrapper"
        >
          <CheckBox
            checked={false}
            id="checkbox_1"
            key="0"
            onChange={[Function]}
            value="北海道"
          >
            <div
              className="wrapper"
            >
              <input
                checked={false}
                id="checkbox_1"
                name="checkbox"
                onChange={[Function]}
                type="checkbox"
                value="北海道"
              />
              <label
                htmlFor="checkbox_1"
              >
                北海道
              </label>
            </div>
          </CheckBox>
          <CheckBox
            checked={false}
            id="checkbox_2"
            key="1"
            onChange={[Function]}
            value="青森県"
          >
            <div
              className="wrapper"
            >
              <input
                checked={false}
                id="checkbox_2"
                name="checkbox"
                onChange={[Function]}
                type="checkbox"
                value="青森県"
              />
              <label
                htmlFor="checkbox_2"
              >
                青森県
              </label>
            </div>
          </CheckBox>
          <CheckBox
            checked={false}
            id="checkbox_3"
            key="2"
            onChange={[Function]}
            value="岩手県"
          >
            <div
              className="wrapper"
            >
              <input
                checked={false}
                id="checkbox_3"
                name="checkbox"
                onChange={[Function]}
                type="checkbox"
                value="岩手県"
              />
              <label
                htmlFor="checkbox_3"
              >
                岩手県
              </label>
            </div>
          </CheckBox>
          <CheckBox
            checked={false}
            id="checkbox_4"
            key="3"
            onChange={[Function]}
            value="宮城県"
          >
            <div
              className="wrapper"
            >
              <input
                checked={false}
                id="checkbox_4"
                name="checkbox"
                onChange={[Function]}
                type="checkbox"
                value="宮城県"
              />
              <label
                htmlFor="checkbox_4"
              >
                宮城県
              </label>
            </div>
          </CheckBox>
        </div>
      </CheckboxList>
    </div>
  </div>
</IndexPage>
`;
